[DISCARD] candle/030.JPG — anomaly pixel outside crop
[DISCARD] candle/070.JPG — anomaly pixel outside crop
[DISCARD] capsules/025.JPG — anomaly pixel outside crop
[DISCARD] capsules/036.JPG — anomaly pixel outside crop
[DISCARD] capsules/039.JPG — anomaly pixel outside crop
[DISCARD] capsules/040.JPG — anomaly pixel outside crop
[DISCARD] capsules/058.JPG — anomaly pixel outside crop
[DISCARD] capsules/059.JPG — anomaly pixel outside crop
[DISCARD] capsules/061.JPG — anomaly pixel outside crop
[DISCARD] capsules/062.JPG — anomaly pixel outside crop
[DISCARD] capsules/063.JPG — anomaly pixel outside crop
[DISCARD] capsules/066.JPG — anomaly pixel outside crop
[DISCARD] capsules/067.JPG — anomaly pixel outside crop
[DISCARD] capsules/068.JPG — anomaly pixel outside crop
[DISCARD] capsules/069.JPG — anomaly pixel outside crop
[DISCARD] capsules/070.JPG — anomaly pixel outside crop
[DISCARD] capsules/071.JPG — anomaly pixel outside crop
[DISCARD] capsules/072.JPG — anomaly pixel outside crop
[DISCARD] capsules/077.JPG — anomaly pixel outside crop
[DISCARD] capsules/079.JPG — anomaly pixel outside crop
[DISCARD] capsules/081.JPG — anomaly pixel outside crop
[DISCARD] capsules/082.JPG — anomaly pixel outside crop
[DISCARD] capsules/083.JPG — anomaly pixel outside crop
[DISCARD] capsules/084.JPG — anomaly pixel outside crop
[DISCARD] capsules/085.JPG — anomaly pixel outside crop
[DISCARD] capsules/086.JPG — anomaly pixel outside crop
[DISCARD] capsules/092.JPG — anomaly pixel outside crop
[DISCARD] capsules/095.JPG — anomaly pixel outside crop
[DISCARD] capsules/099.JPG — anomaly pixel outside crop
[DISCARD] cashew/094.JPG — anomaly pixel outside crop
[DISCARD] cashew/095.JPG — anomaly pixel outside crop
[DISCARD] cashew/097.JPG — anomaly pixel outside crop
[DISCARD] chewinggum/080.JPG — anomaly pixel outside crop
[DISCARD] fryum/044.JPG — anomaly pixel outside crop
[DISCARD] fryum/050.JPG — anomaly pixel outside crop
[DISCARD] fryum/059.JPG — anomaly pixel outside crop
[DISCARD] macaroni1/013.JPG — anomaly pixel outside crop
[DISCARD] macaroni1/020.JPG — anomaly pixel outside crop
[DISCARD] macaroni1/093.JPG — anomaly pixel outside crop
[DISCARD] macaroni1/094.JPG — anomaly pixel outside crop
[DISCARD] macaroni2/002.JPG — anomaly pixel outside crop
[DISCARD] macaroni2/007.JPG — anomaly pixel outside crop
[DISCARD] macaroni2/011.JPG — anomaly pixel outside crop
[DISCARD] macaroni2/015.JPG — anomaly pixel outside crop
[DISCARD] macaroni2/016.JPG — anomaly pixel outside crop
[DISCARD] macaroni2/018.JPG — anomaly pixel outside crop
[DISCARD] macaroni2/019.JPG — anomaly pixel outside crop
[DISCARD] macaroni2/020.JPG — anomaly pixel outside crop
[DISCARD] macaroni2/022.JPG — anomaly pixel outside crop
[DISCARD] macaroni2/023.JPG — anomaly pixel outside crop
[DISCARD] macaroni2/024.JPG — anomaly pixel outside crop
[DISCARD] macaroni2/025.JPG — anomaly pixel outside crop
[DISCARD] macaroni2/027.JPG — anomaly pixel outside crop
[DISCARD] macaroni2/028.JPG — anomaly pixel outside crop
[DISCARD] macaroni2/029.JPG — anomaly pixel outside crop
[DISCARD] macaroni2/037.JPG — anomaly pixel outside crop
[DISCARD] macaroni2/038.JPG — anomaly pixel outside crop
[DISCARD] macaroni2/039.JPG — anomaly pixel outside crop
[DISCARD] macaroni2/044.JPG — anomaly pixel outside crop
[DISCARD] macaroni2/049.JPG — anomaly pixel outside crop
[DISCARD] macaroni2/051.JPG — anomaly pixel outside crop
[DISCARD] macaroni2/052.JPG — anomaly pixel outside crop
[DISCARD] macaroni2/054.JPG — anomaly pixel outside crop
[DISCARD] macaroni2/058.JPG — anomaly pixel outside crop
[DISCARD] macaroni2/060.JPG — anomaly pixel outside crop
[DISCARD] macaroni2/061.JPG — anomaly pixel outside crop
[DISCARD] macaroni2/066.JPG — anomaly pixel outside crop
[DISCARD] macaroni2/067.JPG — anomaly pixel outside crop
[DISCARD] macaroni2/069.JPG — anomaly pixel outside crop
[DISCARD] macaroni2/072.JPG — anomaly pixel outside crop
[DISCARD] macaroni2/073.JPG — anomaly pixel outside crop
[DISCARD] macaroni2/076.JPG — anomaly pixel outside crop
[DISCARD] macaroni2/077.JPG — anomaly pixel outside crop
[DISCARD] macaroni2/078.JPG — anomaly pixel outside crop
[DISCARD] macaroni2/083.JPG — anomaly pixel outside crop
[DISCARD] macaroni2/084.JPG — anomaly pixel outside crop
[DISCARD] macaroni2/085.JPG — anomaly pixel outside crop
[DISCARD] macaroni2/086.JPG — anomaly pixel outside crop
[DISCARD] macaroni2/088.JPG — anomaly pixel outside crop
[DISCARD] macaroni2/089.JPG — anomaly pixel outside crop
[DISCARD] macaroni2/095.JPG — anomaly pixel outside crop
[DISCARD] macaroni2/096.JPG — anomaly pixel outside crop
[DISCARD] macaroni2/099.JPG — anomaly pixel outside crop
[DISCARD] pcb1/041.JPG — anomaly pixel outside crop
[DISCARD] pcb1/046.JPG — anomaly pixel outside crop
[DISCARD] pcb1/091.JPG — anomaly pixel outside crop
[DISCARD] pcb2/023.JPG — anomaly pixel outside crop
[DISCARD] pcb2/041.JPG — anomaly pixel outside crop
[DISCARD] pcb2/042.JPG — anomaly pixel outside crop
[DISCARD] pcb2/044.JPG — anomaly pixel outside crop
[DISCARD] pcb2/066.JPG — anomaly pixel outside crop
[DISCARD] pcb2/075.JPG — anomaly pixel outside crop
[DISCARD] pcb2/084.JPG — anomaly pixel outside crop
[DISCARD] pcb2/088.JPG — anomaly pixel outside crop
[DISCARD] pcb2/089.JPG — anomaly pixel outside crop
[DISCARD] pcb3/000.JPG — anomaly pixel outside crop
[DISCARD] pcb3/004.JPG — anomaly pixel outside crop
[DISCARD] pcb3/006.JPG — anomaly pixel outside crop
[DISCARD] pcb3/007.JPG — anomaly pixel outside crop
[DISCARD] pcb3/008.JPG — anomaly pixel outside crop
[DISCARD] pcb3/011.JPG — anomaly pixel outside crop
[DISCARD] pcb3/012.JPG — anomaly pixel outside crop
[DISCARD] pcb3/015.JPG — anomaly pixel outside crop
[DISCARD] pcb3/016.JPG — anomaly pixel outside crop
[DISCARD] pcb3/017.JPG — anomaly pixel outside crop
[DISCARD] pcb3/018.JPG — anomaly pixel outside crop
[DISCARD] pcb3/029.JPG — anomaly pixel outside crop
[DISCARD] pcb3/034.JPG — anomaly pixel outside crop
[DISCARD] pcb3/038.JPG — anomaly pixel outside crop
[DISCARD] pcb3/040.JPG — anomaly pixel outside crop
[DISCARD] pcb3/043.JPG — anomaly pixel outside crop
[DISCARD] pcb3/044.JPG — anomaly pixel outside crop
[DISCARD] pcb3/047.JPG — anomaly pixel outside crop
[DISCARD] pcb3/048.JPG — anomaly pixel outside crop
[DISCARD] pcb3/050.JPG — anomaly pixel outside crop
[DISCARD] pcb3/051.JPG — anomaly pixel outside crop
[DISCARD] pcb3/053.JPG — anomaly pixel outside crop
[DISCARD] pcb3/055.JPG — anomaly pixel outside crop
[DISCARD] pcb3/057.JPG — anomaly pixel outside crop
